// Jest Snapshot v1, https://goo.gl/fbAQLP

exports[`should show IssuesListItem elements 1`] = `
<ContextConsumer>
  <Component />
</ContextConsumer>
`;
